[2023-09-28T12:00:57.869+0300][gc,init] CardTable entry size: 512
[2023-09-28T12:00:57.869+0300][gc     ] Using G1
[2023-09-28T12:00:57.872+0300][gc,init] Version: 20.0.2+9-78 (release)
[2023-09-28T12:00:57.872+0300][gc,init] CPUs: 12 total, 12 available
[2023-09-28T12:00:57.872+0300][gc,init] Memory: 16384M
[2023-09-28T12:00:57.872+0300][gc,init] Large Page Support: Disabled
[2023-09-28T12:00:57.872+0300][gc,init] NUMA Support: Disabled
[2023-09-28T12:00:57.872+0300][gc,init] Compressed Oops: Enabled (Zero based)
[2023-09-28T12:00:57.872+0300][gc,init] Heap Region Size: 1M
[2023-09-28T12:00:57.872+0300][gc,init] Heap Min Capacity: 512M
[2023-09-28T12:00:57.872+0300][gc,init] Heap Initial Capacity: 512M
[2023-09-28T12:00:57.872+0300][gc,init] Heap Max Capacity: 512M
[2023-09-28T12:00:57.872+0300][gc,init] Pre-touch: Disabled
[2023-09-28T12:00:57.872+0300][gc,init] Parallel Workers: 10
[2023-09-28T12:00:57.872+0300][gc,init] Concurrent Workers: 3
[2023-09-28T12:00:57.872+0300][gc,init] Concurrent Refinement Workers: 10
[2023-09-28T12:00:57.872+0300][gc,init] Periodic GC: Disabled
[2023-09-28T12:00:57.879+0300][gc,metaspace] CDS archive(s) mapped at: [0x0000000127800000-0x0000000128474000-0x0000000128474000), size 13058048, SharedBaseAddress: 0x0000000127800000, ArchiveRelocationMode: 1.
[2023-09-28T12:00:57.879+0300][gc,metaspace] Compressed class space mapped at: 0x0000000128800000-0x0000000168800000, reserved size: 1073741824
[2023-09-28T12:00:57.879+0300][gc,metaspace] Narrow klass base: 0x0000000127800000, Narrow klass shift: 0, Narrow klass range: 0x100000000
[2023-09-28T12:06:43.961+0300][gc,start    ] GC(0) Pause Young (Normal) (G1 Evacuation Pause)
[2023-09-28T12:06:43.962+0300][gc,task     ] GC(0) Using 10 workers of 10 for evacuation
[2023-09-28T12:06:43.967+0300][gc,phases   ] GC(0)   Pre Evacuate Collection Set: 0.2ms
[2023-09-28T12:06:43.967+0300][gc,phases   ] GC(0)   Merge Heap Roots: 0.2ms
[2023-09-28T12:06:43.968+0300][gc,phases   ] GC(0)   Evacuate Collection Set: 3.8ms
[2023-09-28T12:06:43.968+0300][gc,phases   ] GC(0)   Post Evacuate Collection Set: 0.6ms
[2023-09-28T12:06:43.968+0300][gc,phases   ] GC(0)   Other: 1.1ms
[2023-09-28T12:06:43.968+0300][gc,heap     ] GC(0) Eden regions: 25->0(21)
[2023-09-28T12:06:43.968+0300][gc,heap     ] GC(0) Survivor regions: 0->4(4)
[2023-09-28T12:06:43.968+0300][gc,heap     ] GC(0) Old regions: 0->2
[2023-09-28T12:06:43.968+0300][gc,heap     ] GC(0) Archive regions: 2->2
[2023-09-28T12:06:43.968+0300][gc,heap     ] GC(0) Humongous regions: 0->0
[2023-09-28T12:06:43.968+0300][gc,metaspace] GC(0) Metaspace: 7970K(8256K)->7970K(8256K) NonClass: 7093K(7232K)->7093K(7232K) Class: 877K(1024K)->877K(1024K)
[2023-09-28T12:06:43.968+0300][gc          ] GC(0) Pause Young (Normal) (G1 Evacuation Pause) 25M->6M(512M) 7.140ms
[2023-09-28T12:06:43.968+0300][gc,cpu      ] GC(0) User=0.02s Sys=0.01s Real=0.00s
[2023-09-28T13:10:17.790+0300][gc,heap,exit] Heap
[2023-09-28T13:10:17.790+0300][gc,heap,exit]  garbage-first heap   total 524288K, used 14733K [0x00000007e0000000, 0x0000000800000000)
[2023-09-28T13:10:17.790+0300][gc,heap,exit]   region size 1024K, 12 young (12288K), 4 survivors (4096K)
[2023-09-28T13:10:17.790+0300][gc,heap,exit]  Metaspace       used 8500K, committed 8768K, reserved 1114112K
[2023-09-28T13:10:17.790+0300][gc,heap,exit]   class space    used 895K, committed 1024K, reserved 1048576K
